INDEPENDENT REPRO -- N2 MID cellA+eth  nom=107000  T=9.0  SEEDS=24
  load 0.65 done (32.7s)
  load 0.85 done (75.9s)
  load 0.95 done (124.7s)

load   sched          gp    loss%   tshare
0.65   Dc          68794     0.96    0.198
0.65   ewma        65848     5.20    0.198
0.65   pull        60578    12.79    0.253
0.65   Dpp         68295     1.68    0.253

0.85   Dc          84307     7.19    0.217
0.85   ewma        85083     6.33    0.202
0.85   pull        78682    13.38    0.248
0.85   Dpp         79341    12.66    0.248

0.95   Dc          91062    10.30    0.235
0.95   ewma        91726     9.65    0.226
0.95   pull        74184    26.93    0.250
0.95   Dpp         69333    31.71    0.250

======================================================================
BAR CHECKS
======================================================================
0.65 WIN: Dc gp=68794 (ewma=65848, pull=60578) loss=0.96% -> gp>=ewma:True loss<=2%:True
----------------------------------------------------------------------
0.85: gp Dc=84307 vs 0.99*ewma=84232 -> PASS (no-recollapse)  [Dpp=79341]
      loss Dc=7.19% vs ewma+0.5=6.83% -> FAIL   [Dpp loss=12.66%]
      paired Dc-ewma: median=+0.845 mean=+0.852 min=+0.779 max=+0.943  seeds>0.5pt=24/24
----------------------------------------------------------------------
0.95: gp Dc=91062 vs 0.99*ewma=90808 -> PASS (no-recollapse)  [Dpp=69333]
      loss Dc=10.30% vs ewma+0.5=10.15% -> FAIL   [Dpp loss=31.71%]
      paired Dc-ewma: median=+0.655 mean=+0.645 min=+0.507 max=+0.816  seeds>0.5pt=24/24
======================================================================
TSHARE TIMELINE (independent truncated-T reconstruction) load=0.95
======================================================================
  Dc    : 0.266 0.156 0.111 0.353 0.131 0.156 0.389 0.278 0.186   min=0.111 max=0.389 monotonic_up=False
  Dpp   : 0.250 0.250 0.250 0.250 0.250 0.250 0.250 0.250 0.250   min=0.250 max=0.250 monotonic_up=False
  ewma  : 0.251 0.148 0.111 0.353 0.131 0.156 0.370 0.254 0.186   min=0.111 max=0.370 monotonic_up=False

elapsed 231.6s
