====================================================================================================
TSHARE TIMELINE (within-run, TRUNCATED-T reconstruction) -- N2 MID cellA+eth
windows=1.0s  checkpoints(s)=[1.5, 2.5, 3.5, 4.5, 5.5, 6.5, 7.5, 8.5, 9.5]  seeds=12  (pooled counts per window)
====================================================================================================

----------------------------------------------------------------------------------------------------
load=0.85  offered=90950 kb/s
----------------------------------------------------------------------------------------------------
  Dc     : [0.5-1.5s]0.251  [1.5-2.5s]0.154  [2.5-3.5s]0.106  [3.5-4.5s]0.353  [4.5-5.5s]0.147  [5.5-6.5s]0.140  [6.5-7.5s]0.313  [7.5-8.5s]0.245  [8.5-9.5s]0.186  
  Dpp    : [0.5-1.5s]0.248  [1.5-2.5s]0.248  [2.5-3.5s]0.248  [3.5-4.5s]0.248  [4.5-5.5s]0.248  [5.5-6.5s]0.248  [6.5-7.5s]0.248  [7.5-8.5s]0.248  [8.5-9.5s]0.248  
  ewma   : [0.5-1.5s]0.248  [1.5-2.5s]0.148  [2.5-3.5s]0.106  [3.5-4.5s]0.347  [4.5-5.5s]0.157  [5.5-6.5s]0.136  [6.5-7.5s]0.248  [7.5-8.5s]0.194  [8.5-9.5s]0.186  

  Dc     walk (max-min over windows) = 0.247 (24.7 pts)   min=0.106 max=0.353  first=0.251 last=0.186
  Dpp    walk (max-min over windows) = 0.000 (0.0 pts)   min=0.248 max=0.248  first=0.248 last=0.248
  ewma   walk (max-min over windows) = 0.241 (24.1 pts)   min=0.106 max=0.347  first=0.248 last=0.186

----------------------------------------------------------------------------------------------------
load=0.95  offered=101650 kb/s
----------------------------------------------------------------------------------------------------
  Dc     : [0.5-1.5s]0.266  [1.5-2.5s]0.156  [2.5-3.5s]0.111  [3.5-4.5s]0.353  [4.5-5.5s]0.131  [5.5-6.5s]0.156  [6.5-7.5s]0.389  [7.5-8.5s]0.278  [8.5-9.5s]0.186  
  Dpp    : [0.5-1.5s]0.250  [1.5-2.5s]0.250  [2.5-3.5s]0.250  [3.5-4.5s]0.250  [4.5-5.5s]0.250  [5.5-6.5s]0.250  [6.5-7.5s]0.250  [7.5-8.5s]0.250  [8.5-9.5s]0.250  
  ewma   : [0.5-1.5s]0.251  [1.5-2.5s]0.148  [2.5-3.5s]0.111  [3.5-4.5s]0.353  [4.5-5.5s]0.131  [5.5-6.5s]0.156  [6.5-7.5s]0.370  [7.5-8.5s]0.254  [8.5-9.5s]0.186  

  Dc     walk (max-min over windows) = 0.278 (27.8 pts)   min=0.111 max=0.389  first=0.266 last=0.186
  Dpp    walk (max-min over windows) = 0.000 (0.0 pts)   min=0.250 max=0.250  first=0.250 last=0.250
  ewma   walk (max-min over windows) = 0.259 (25.9 pts)   min=0.111 max=0.370  first=0.251 last=0.186

====================================================================================================
elapsed 272.3s
