==========================================================================================
Dc (sched='Dc') vs pull / A(ewma) / oracle -- N2 EDGE (cellA+eth), bottleneck='edge'
T=9.0s SEEDS=24 (paired) nom=107000 target_ms=40.0
==========================================================================================

==========================================================================================
REPORT (medians, 24 paired seeds)
==========================================================================================
load   sched         gp   loss%   p50ms   p95ms   p99ms   tshare     res_tx
---------------------------------------------------------------------------
0.65   Dc         68868    0.86    11.0    41.0    52.0    0.191      11996
0.65   pull       69330    0.19    12.0    22.0    31.0    0.181           
0.65   ewma       69312    0.22    12.0    22.0    31.0    0.169           
0.65   oracle     69330    0.19    12.0    22.0    31.0    0.181           

0.85   Dc         85704    5.65    62.0   341.0   361.0    0.263      11629
0.85   pull       87438    3.74    12.0   232.0   261.0    0.205           
0.85   ewma       87061    4.16    21.0   311.0   321.0    0.185           
0.85   oracle     87654    3.50    12.0   222.0   261.0    0.206           

==========================================================================================
PASS/FAIL -- Dc vs A(ewma): gp within 1.0%, p95 within +10ms
==========================================================================================
load=0.65
  pull : gp= 69330.3 loss= 0.19% p95=  22.0ms tshare=0.181
  ewma : gp= 69312.0 loss= 0.22% p95=  22.0ms tshare=0.169
  Dc   : gp= 68867.8 loss= 0.86% p95=  41.0ms tshare=0.191  res_tx=11996 mir_off=12232 mir_aged=0 armed_frac=0.8667
  Dc vs ewma gp dev  = -0.641%  (bar: |dev|<=1.0%)      -> OK
  Dc vs ewma p95 delta = +19.0ms (bar: <=+10ms)         -> FAIL
  ROW: FAIL

load=0.85
  pull : gp= 87438.2 loss= 3.74% p95= 232.0ms tshare=0.205
  ewma : gp= 87061.2 loss= 4.16% p95= 311.0ms tshare=0.185
  Dc   : gp= 85704.1 loss= 5.65% p95= 341.0ms tshare=0.263  res_tx=11629 mir_off=21358 mir_aged=248 armed_frac=0.8656
  Dc vs ewma gp dev  = -1.559%  (bar: |dev|<=1.0%)      -> FAIL
  Dc vs ewma p95 delta = +30.0ms (bar: <=+10ms)         -> FAIL
  ROW: FAIL

==========================================================================================
DC N2-EDGE VERDICT: FAIL
==========================================================================================
elapsed 114.5s
